#-----------------------------------------------------------
# Vivado v2025.1 (64-bit)
# SW Build 6140274 on Wed May 21 22:58:25 MDT 2025
# IP Build 6138677 on Thu May 22 03:10:11 MDT 2025
# SharedData Build 6139179 on Tue May 20 17:58:58 MDT 2025
# Start of session at: Mon Sep 15 17:42:10 2025
# Process ID         : 38657
# Current directory  : /home/alireza/Uni/Computer-Engineering/Labs/1/vivado_prj
# Command line       : vivado .
# Log file           : /home/alireza/Uni/Computer-Engineering/Labs/1/vivado_prj/vivado.log
# Journal file       : /home/alireza/Uni/Computer-Engineering/Labs/1/vivado_prj/vivado.jou
# Running On         : fedora
# Platform           : Fedora
# Operating System   : Fedora release 42 (Adams)
# Processor Detail   : AMD Ryzen 5 5500U with Radeon Graphics
# CPU Frequency      : 1529.817 MHz
# CPU Physical cores : 6
# CPU Logical cores  : 12
# Host memory        : 23937 MB
# Swap memory        : 8589 MB
# Total Virtual      : 32527 MB
# Available Virtual  : 25340 MB
#-----------------------------------------------------------
start_gui
create_project lab_1 /home/alireza/Uni/Computer-Engineering/Labs/1/vivado_prj/lab_1 -part xc7z020clg400-1
set_property board_part www.digilentinc.com:pynq-z1:part0:1.0 [current_project]
add_files -fileset constrs_1 -norecurse /home/alireza/Uni/Computer-Engineering/Labs/1/pynq-z1_c/PYNQ-Z1_C.xdc
